// Jest Snapshot v1, https://goo.gl/fbAQLP

exports[`AC Banner: test build decorators frame, italic and background ...and font alphabet 1`] = `
[
  "*-------------------------------------------------------------v---------------------*",
  "|......AA....CCC......BBBB....AA...N...N..N...N..EEEE..RRRR.. | AC Banner           |",
  "|....A..A..C.........B...B..A..A..NN..N..NN..N..E.....R...R.. | 1.0.0               |",
  "|...AAAA..C.........BBBB...AAAA..N.N.N..N.N.N..EEE...RRRR.... |                     |",
  "|..A..A..C.........B...B..A..A..N..NN..N..NN..E.....R.R...... | Alan Cândido        |",
  "|.A..A...CCC......BBBB...A..A..N...N..N...N..EEEE..R..RR..... | brodao@gmail.com    |",
  "*-------------------------------------------------------------^---------------------*",
]
`;

exports[`AC Banner: test build decorators frame, italic and background ...and font ansi-with-shadow 1`] = `
[
  "╔════════════════════════════════════════════════════════════════════════════════════════════════╤═════════════════════╗",
  "║░░░░░░░█████▒░░░░██████▒░░░░░░░░██████▒░░░░█████▒░░░███▒░░░██▒░░███▒░░░██▒░░███████▒░░██████▒░░ ╎ AC Banner           ║",
  "║░░░░░██▒▒▒██▒░░██▒▒▒▒▒▒░░░░░░░░██▒▒▒██▒░░██▒▒▒██▒░░████▒░░██▒░░████▒░░██▒░░██▒▒▒▒▒▒░░██▒▒▒██▒░░ ╎ 1.0.0               ║",
  "║░░░░███████▒░░██▒░░░░░░░░░░░░░██████▒▒░░███████▒░░██▒██▒░██▒░░██▒██▒░██▒░░█████▒░░░░██████▒▒░░░ ╎                     ║",
  "║░░░██▒▒▒██▒░░██▒░░░░░░░░░░░░░██▒▒▒██▒░░██▒▒▒██▒░░██▒▒██▒██▒░░██▒▒██▒██▒░░██▒▒▒▒░░░░██▒▒▒██▒░░░░ ╎                     ║",
  "║░░██▒░░██▒░░▒██████▒░░░░░░░░██████▒▒░░██▒░░██▒░░██▒░▒████▒░░██▒░▒████▒░░███████▒░░██▒░░██▒░░░░░ ╎ Alan Cândido        ║",
  "║░▒▒▒░░▒▒▒░░░▒▒▒▒▒▒▒░░░░░░░░▒▒▒▒▒▒▒░░░▒▒▒░░▒▒▒░░▒▒▒░░▒▒▒▒▒░░▒▒▒░░▒▒▒▒▒░░▒▒▒▒▒▒▒▒░░▒▒▒░░▒▒▒░░░░░░ ╎ brodao@gmail.com    ║",
  "╚════════════════════════════════════════════════════════════════════════════════════════════════╧═════════════════════╝",
]
`;

exports[`AC Banner: test build decorators frame, italic and background ...and font bar 1`] = `
[
  "*--------------------------------------------------------------------------------------v---------------------*",
  "|_____///////__//////________//////___///////__///____//__///____//__///////__//////__ | AC Banner           |",
  "|____//___//__//____________//___//__//___//__////___//__////___//__//_______//___//__ | 1.0.0               |",
  "|___///////__//____________//////___///////__//_//__//__//_//__//__/////____//////____ |                     |",
  "|__//___//__//____________//___//__//___//__//__//_//__//__//_//__//_______//___//____ | Alan Cândido        |",
  "|_//___//__//////________//////___//___//__//___////__//___////__///////__//___//_____ | brodao@gmail.com    |",
  "*--------------------------------------------------------------------------------------^---------------------*",
]
`;
