// Jest Snapshot v1, https://goo.gl/fbAQLP

exports[`test build decorators with frame ...and font alphabet 1`] = `
[
  "*---------------------------------------------------------v---------------------*",
  "|  AA    CCC      BBBB    AA   N   N  N   N  EEEE  RRRR   | AC Banner           |",
  "| A  A  C         B   B  A  A  NN  N  NN  N  E     R   R  | 1.0.0               |",
  "| AAAA  C         BBBB   AAAA  N N N  N N N  EEE   RRRR   |                     |",
  "| A  A  C         B   B  A  A  N  NN  N  NN  E     R R    | Alan Cândido        |",
  "| A  A   CCC      BBBB   A  A  N   N  N   N  EEEE  R  RR  | brodao@gmail.com    |",
  "*---------------------------------------------------------^---------------------*",
]
`;

exports[`test build decorators with frame ...and font ansi-with-shadow 1`] = `
[
  "╔═══════════════════════════════════════════════════════════════════════════════════════════╤═════════════════════╗",
  "║  █████▒    ██████▒        ██████▒    █████▒   ███▒   ██▒  ███▒   ██▒  ███████▒  ██████▒   ╎ AC Banner           ║",
  "║ ██▒▒▒██▒  ██▒▒▒▒▒▒        ██▒▒▒██▒  ██▒▒▒██▒  ████▒  ██▒  ████▒  ██▒  ██▒▒▒▒▒▒  ██▒▒▒██▒  ╎ 1.0.0               ║",
  "║ ███████▒  ██▒             ██████▒▒  ███████▒  ██▒██▒ ██▒  ██▒██▒ ██▒  █████▒    ██████▒▒  ╎                     ║",
  "║ ██▒▒▒██▒  ██▒             ██▒▒▒██▒  ██▒▒▒██▒  ██▒▒██▒██▒  ██▒▒██▒██▒  ██▒▒▒▒    ██▒▒▒██▒  ╎ Alan Cândido        ║",
  "║ ██▒  ██▒  ▒██████▒        ██████▒▒  ██▒  ██▒  ██▒ ▒████▒  ██▒ ▒████▒  ███████▒  ██▒  ██▒  ╎ brodao@gmail.com    ║",
  "║ ▒▒▒  ▒▒▒   ▒▒▒▒▒▒▒        ▒▒▒▒▒▒▒   ▒▒▒  ▒▒▒  ▒▒▒  ▒▒▒▒▒  ▒▒▒  ▒▒▒▒▒  ▒▒▒▒▒▒▒▒  ▒▒▒  ▒▒▒  ╎                     ║",
  "╚═══════════════════════════════════════════════════════════════════════════════════════════╧═════════════════════╝",
]
`;

exports[`test build decorators with frame ...and font bar 1`] = `
[
  "*----------------------------------------------------------------------------------v---------------------*",
  "| ///////  //////        //////   ///////  ///    //  ///    //  ///////  //////   | AC Banner           |",
  "| //   //  //            //   //  //   //  ////   //  ////   //  //       //   //  | 1.0.0               |",
  "| ///////  //            //////   ///////  // //  //  // //  //  /////    //////   |                     |",
  "| //   //  //            //   //  //   //  //  // //  //  // //  //       //   //  | Alan Cândido        |",
  "| //   //  //////        //////   //   //  //   ////  //   ////  ///////  //   //  | brodao@gmail.com    |",
  "*----------------------------------------------------------------------------------^---------------------*",
]
`;
