// Jest Snapshot v1, https://goo.gl/fbAQLP

exports[`test build decorators with train ...and font alphabet 1`] = `
[
  "   AA     CCC        BBBB     AA    N   N   N   N   EEEE   RRRR        | AC Banner           ",
  "  A  A   C           B   B   A  A   NN  N   NN  N   E      R   R       | 1.0.0               ",
  "  AAAA   C           BBBB    AAAA   N N N   N N N   EEE    RRRR        |                     ",
  "  A  A   C           B   B   A  A   N  NN   N  NN   E      R R         | Alan Cândido        ",
  "  A  A    CCC        BBBB    A  A   N   N   N   N   EEEE   R  RR       | brodao@gmail.com    ",
  ".[====].(----).\\__/.[_____].[====].(-----).\\_____/.[____].[=====].]_@|==Y$_ |                     ",
  "__o__o___o__o___oo___o___o___o__o___o___o___o___o___o__o___o___o__O_____oo_\\_ |                     ",
]
`;

exports[`test build decorators with train ...and font ansi-with-shadow 1`] = `
[
  "   █████▒     ██████▒          ██████▒     █████▒    ███▒   ██▒   ███▒   ██▒   ███████▒   ██████▒          | AC Banner           ",
  "  ██▒▒▒██▒   ██▒▒▒▒▒▒          ██▒▒▒██▒   ██▒▒▒██▒   ████▒  ██▒   ████▒  ██▒   ██▒▒▒▒▒▒   ██▒▒▒██▒         | 1.0.0               ",
  "  ███████▒   ██▒               ██████▒▒   ███████▒   ██▒██▒ ██▒   ██▒██▒ ██▒   █████▒     ██████▒▒         |                     ",
  "  ██▒▒▒██▒   ██▒               ██▒▒▒██▒   ██▒▒▒██▒   ██▒▒██▒██▒   ██▒▒██▒██▒   ██▒▒▒▒     ██▒▒▒██▒         | Alan Cândido        ",
  "  ██▒  ██▒   ▒██████▒          ██████▒▒   ██▒  ██▒   ██▒ ▒████▒   ██▒ ▒████▒   ███████▒   ██▒  ██▒         | brodao@gmail.com    ",
  "  ▒▒▒  ▒▒▒    ▒▒▒▒▒▒▒          ▒▒▒▒▒▒▒    ▒▒▒  ▒▒▒   ▒▒▒  ▒▒▒▒▒   ▒▒▒  ▒▒▒▒▒   ▒▒▒▒▒▒▒▒   ▒▒▒  ▒▒▒         |                     ",
  ".[========].(--------).\\____/.[________].[========].(----------).\\__________/.[________].[========].]_@|==Y$_ |                     ",
  "__o______o___o______o___o__o___o______o___o______o___o________o___o________o___o______o___o______o__O_____oo_\\_ |                     ",
]
`;

exports[`test build decorators with train ...and font bar 1`] = `
[
  "  ///////   //////          //////    ///////   ///    //   ///    //   ///////   //////          | AC Banner           ",
  "  //   //   //              //   //   //   //   ////   //   ////   //   //        //   //         | 1.0.0               ",
  "  ///////   //              //////    ///////   // //  //   // //  //   /////     //////          |                     ",
  "  //   //   //              //   //   //   //   //  // //   //  // //   //        //   //         | Alan Cândido        ",
  "  //   //   //////          //////    //   //   //   ////   //   ////   ///////   //   //         | brodao@gmail.com    ",
  ".[=======].(------).\\____/.[_______].[=======].(---------).\\_________/.[_______].[=======].]_@|==Y$_ |                     ",
  "__o_____o___o____o___o__o___o_____o___o_____o___o_______o___o_______o___o_____o___o_____o__O_____oo_\\_ |                     ",
]
`;
